18:13:29 **** Build of configuration Debug for project main2016 ****
make -r all 
Building file: ../TextLCD/TextLCD.cpp
Invoking: MCU C++ Compiler
arm-none-eabi-c++ -D__NEWLIB__ -D__CODE_RED -DCPP_USE_HEAP -D__CORTEX_M3 -DTOOLCHAIN_GCC -DARM_MATH_CM3 -DTARGET_CORTEX_M -DTARGET_LPC176X -DTARGET_NXP -DTARGET_MBED_LPC1768 -DTARGET_LPC1768 -DMBED_BUILD_TIMESTAMP=1444809007.29 -DTARGET_M3 -DTOOLCHAIN_GCC_CR -D__MBED__=1 -I"/Users/koishin/Ko-Robo/Robocup/main2016" -I"/Users/koishin/Ko-Robo/Robocup/main2016/HMC6352" -I"/Users/koishin/Ko-Robo/Robocup/main2016/HCSR04" -I"/Users/koishin/Ko-Robo/Robocup/main2016/PID" -I"/Users/koishin/Ko-Robo/Robocup/main2016/TextLCD" -I"/Users/koishin/Ko-Robo/Robocup/main2016/mbed" -I"/Users/koishin/Ko-Robo/Robocup/main2016/mbed/TARGET_LPC1768" -I"/Users/koishin/Ko-Robo/Robocup/main2016/mbed/TARGET_LPC1768/TARGET_NXP" -I"/Users/koishin/Ko-Robo/Robocup/main2016/mbed/TARGET_LPC1768/TARGET_NXP/TARGET_LPC176X" -I"/Users/koishin/Ko-Robo/Robocup/main2016/mbed/TARGET_LPC1768/TARGET_NXP/TARGET_LPC176X/TARGET_MBED_LPC1768" -I"/Users/koishin/Ko-Robo/Robocup/main2016/mbed/TARGET_LPC1768/TOOLCHAIN_GCC_CR" -O0 -g3 -Wall -c -fmessage-length=0 -fno-builtin -ffunction-sections -fdata-sections -fno-exceptions -fno-rtti -mcpu=cortex-m3 -mthumb -D__NEWLIB__ -MMD -MP -MF"TextLCD/TextLCD.d" -MT"TextLCD/TextLCD.o" -MT"TextLCD/TextLCD.d" -o "TextLCD/TextLCD.o" "../TextLCD/TextLCD.cpp"
Finished building: ../TextLCD/TextLCD.cpp
 
Building file: ../PID/PID.cpp
Invoking: MCU C++ Compiler
arm-none-eabi-c++ -D__NEWLIB__ -D__CODE_RED -DCPP_USE_HEAP -D__CORTEX_M3 -DTOOLCHAIN_GCC -DARM_MATH_CM3 -DTARGET_CORTEX_M -DTARGET_LPC176X -DTARGET_NXP -DTARGET_MBED_LPC1768 -DTARGET_LPC1768 -DMBED_BUILD_TIMESTAMP=1444809007.29 -DTARGET_M3 -DTOOLCHAIN_GCC_CR -D__MBED__=1 -I"/Users/koishin/Ko-Robo/Robocup/main2016" -I"/Users/koishin/Ko-Robo/Robocup/main2016/HMC6352" -I"/Users/koishin/Ko-Robo/Robocup/main2016/HCSR04" -I"/Users/koishin/Ko-Robo/Robocup/main2016/PID" -I"/Users/koishin/Ko-Robo/Robocup/main2016/TextLCD" -I"/Users/koishin/Ko-Robo/Robocup/main2016/mbed" -I"/Users/koishin/Ko-Robo/Robocup/main2016/mbed/TARGET_LPC1768" -I"/Users/koishin/Ko-Robo/Robocup/main2016/mbed/TARGET_LPC1768/TARGET_NXP" -I"/Users/koishin/Ko-Robo/Robocup/main2016/mbed/TARGET_LPC1768/TARGET_NXP/TARGET_LPC176X" -I"/Users/koishin/Ko-Robo/Robocup/main2016/mbed/TARGET_LPC1768/TARGET_NXP/TARGET_LPC176X/TARGET_MBED_LPC1768" -I"/Users/koishin/Ko-Robo/Robocup/main2016/mbed/TARGET_LPC1768/TOOLCHAIN_GCC_CR" -O0 -g3 -Wall -c -fmessage-length=0 -fno-builtin -ffunction-sections -fdata-sections -fno-exceptions -fno-rtti -mcpu=cortex-m3 -mthumb -D__NEWLIB__ -MMD -MP -MF"PID/PID.d" -MT"PID/PID.o" -MT"PID/PID.d" -o "PID/PID.o" "../PID/PID.cpp"
Finished building: ../PID/PID.cpp
 
Building file: ../HMC6352/HMC6352.cpp
Invoking: MCU C++ Compiler
arm-none-eabi-c++ -D__NEWLIB__ -D__CODE_RED -DCPP_USE_HEAP -D__CORTEX_M3 -DTOOLCHAIN_GCC -DARM_MATH_CM3 -DTARGET_CORTEX_M -DTARGET_LPC176X -DTARGET_NXP -DTARGET_MBED_LPC1768 -DTARGET_LPC1768 -DMBED_BUILD_TIMESTAMP=1444809007.29 -DTARGET_M3 -DTOOLCHAIN_GCC_CR -D__MBED__=1 -I"/Users/koishin/Ko-Robo/Robocup/main2016" -I"/Users/koishin/Ko-Robo/Robocup/main2016/HMC6352" -I"/Users/koishin/Ko-Robo/Robocup/main2016/HCSR04" -I"/Users/koishin/Ko-Robo/Robocup/main2016/PID" -I"/Users/koishin/Ko-Robo/Robocup/main2016/TextLCD" -I"/Users/koishin/Ko-Robo/Robocup/main2016/mbed" -I"/Users/koishin/Ko-Robo/Robocup/main2016/mbed/TARGET_LPC1768" -I"/Users/koishin/Ko-Robo/Robocup/main2016/mbed/TARGET_LPC1768/TARGET_NXP" -I"/Users/koishin/Ko-Robo/Robocup/main2016/mbed/TARGET_LPC1768/TARGET_NXP/TARGET_LPC176X" -I"/Users/koishin/Ko-Robo/Robocup/main2016/mbed/TARGET_LPC1768/TARGET_NXP/TARGET_LPC176X/TARGET_MBED_LPC1768" -I"/Users/koishin/Ko-Robo/Robocup/main2016/mbed/TARGET_LPC1768/TOOLCHAIN_GCC_CR" -O0 -g3 -Wall -c -fmessage-length=0 -fno-builtin -ffunction-sections -fdata-sections -fno-exceptions -fno-rtti -mcpu=cortex-m3 -mthumb -D__NEWLIB__ -MMD -MP -MF"HMC6352/HMC6352.d" -MT"HMC6352/HMC6352.o" -MT"HMC6352/HMC6352.d" -o "HMC6352/HMC6352.o" "../HMC6352/HMC6352.cpp"
Finished building: ../HMC6352/HMC6352.cpp
 
Building file: ../HCSR04/hcsr04.cpp
Invoking: MCU C++ Compiler
arm-none-eabi-c++ -D__NEWLIB__ -D__CODE_RED -DCPP_USE_HEAP -D__CORTEX_M3 -DTOOLCHAIN_GCC -DARM_MATH_CM3 -DTARGET_CORTEX_M -DTARGET_LPC176X -DTARGET_NXP -DTARGET_MBED_LPC1768 -DTARGET_LPC1768 -DMBED_BUILD_TIMESTAMP=1444809007.29 -DTARGET_M3 -DTOOLCHAIN_GCC_CR -D__MBED__=1 -I"/Users/koishin/Ko-Robo/Robocup/main2016" -I"/Users/koishin/Ko-Robo/Robocup/main2016/HMC6352" -I"/Users/koishin/Ko-Robo/Robocup/main2016/HCSR04" -I"/Users/koishin/Ko-Robo/Robocup/main2016/PID" -I"/Users/koishin/Ko-Robo/Robocup/main2016/TextLCD" -I"/Users/koishin/Ko-Robo/Robocup/main2016/mbed" -I"/Users/koishin/Ko-Robo/Robocup/main2016/mbed/TARGET_LPC1768" -I"/Users/koishin/Ko-Robo/Robocup/main2016/mbed/TARGET_LPC1768/TARGET_NXP" -I"/Users/koishin/Ko-Robo/Robocup/main2016/mbed/TARGET_LPC1768/TARGET_NXP/TARGET_LPC176X" -I"/Users/koishin/Ko-Robo/Robocup/main2016/mbed/TARGET_LPC1768/TARGET_NXP/TARGET_LPC176X/TARGET_MBED_LPC1768" -I"/Users/koishin/Ko-Robo/Robocup/main2016/mbed/TARGET_LPC1768/TOOLCHAIN_GCC_CR" -O0 -g3 -Wall -c -fmessage-length=0 -fno-builtin -ffunction-sections -fdata-sections -fno-exceptions -fno-rtti -mcpu=cortex-m3 -mthumb -D__NEWLIB__ -MMD -MP -MF"HCSR04/hcsr04.d" -MT"HCSR04/hcsr04.o" -MT"HCSR04/hcsr04.d" -o "HCSR04/hcsr04.o" "../HCSR04/hcsr04.cpp"
Finished building: ../HCSR04/hcsr04.cpp
 
Building file: ../main.cpp
Invoking: MCU C++ Compiler
arm-none-eabi-c++ -D__NEWLIB__ -D__CODE_RED -DCPP_USE_HEAP -D__CORTEX_M3 -DTOOLCHAIN_GCC -DARM_MATH_CM3 -DTARGET_CORTEX_M -DTARGET_LPC176X -DTARGET_NXP -DTARGET_MBED_LPC1768 -DTARGET_LPC1768 -DMBED_BUILD_TIMESTAMP=1444809007.29 -DTARGET_M3 -DTOOLCHAIN_GCC_CR -D__MBED__=1 -I"/Users/koishin/Ko-Robo/Robocup/main2016" -I"/Users/koishin/Ko-Robo/Robocup/main2016/HMC6352" -I"/Users/koishin/Ko-Robo/Robocup/main2016/HCSR04" -I"/Users/koishin/Ko-Robo/Robocup/main2016/PID" -I"/Users/koishin/Ko-Robo/Robocup/main2016/TextLCD" -I"/Users/koishin/Ko-Robo/Robocup/main2016/mbed" -I"/Users/koishin/Ko-Robo/Robocup/main2016/mbed/TARGET_LPC1768" -I"/Users/koishin/Ko-Robo/Robocup/main2016/mbed/TARGET_LPC1768/TARGET_NXP" -I"/Users/koishin/Ko-Robo/Robocup/main2016/mbed/TARGET_LPC1768/TARGET_NXP/TARGET_LPC176X" -I"/Users/koishin/Ko-Robo/Robocup/main2016/mbed/TARGET_LPC1768/TARGET_NXP/TARGET_LPC176X/TARGET_MBED_LPC1768" -I"/Users/koishin/Ko-Robo/Robocup/main2016/mbed/TARGET_LPC1768/TOOLCHAIN_GCC_CR" -O0 -g3 -Wall -c -fmessage-length=0 -fno-builtin -ffunction-sections -fdata-sections -fno-exceptions -fno-rtti -mcpu=cortex-m3 -mthumb -D__NEWLIB__ -MMD -MP -MF"main.d" -MT"main.o" -MT"main.d" -o "main.o" "../main.cpp"
Finished building: ../main.cpp
 
Building target: main2016.axf
Invoking: MCU C++ Linker
arm-none-eabi-c++ -nostdlib -L"/Users/koishin/Ko-Robo/Robocup/main2016" -L"/Users/koishin/Ko-Robo/Robocup/main2016/HMC6352" -L"/Users/koishin/Ko-Robo/Robocup/main2016/HCSR04" -L"/Users/koishin/Ko-Robo/Robocup/main2016/PID" -L"/Users/koishin/Ko-Robo/Robocup/main2016/TextLCD" -L"/Users/koishin/Ko-Robo/Robocup/main2016/mbed" -L"/Users/koishin/Ko-Robo/Robocup/main2016/mbed/TARGET_LPC1768" -L"/Users/koishin/Ko-Robo/Robocup/main2016/mbed/TARGET_LPC1768/TARGET_NXP" -L"/Users/koishin/Ko-Robo/Robocup/main2016/mbed/TARGET_LPC1768/TARGET_NXP/TARGET_LPC176X" -L"/Users/koishin/Ko-Robo/Robocup/main2016/mbed/TARGET_LPC1768/TARGET_NXP/TARGET_LPC176X/TARGET_MBED_LPC1768" -L"/Users/koishin/Ko-Robo/Robocup/main2016/mbed/TARGET_LPC1768/TOOLCHAIN_GCC_CR" -Xlinker -Map="main2016.map" -Xlinker --gc-sections -mcpu=cortex-m3 -mthumb -T "/Users/koishin/Ko-Robo/Robocup/main2016/mbed/TARGET_LPC1768/TOOLCHAIN_GCC_CR/LPC1768.ld" -o "main2016.axf"  ./TextLCD/TextLCD.o  ./PID/PID.o  ./HMC6352/HMC6352.o  ./HCSR04/hcsr04.o  ./main.o  /Users/koishin/Ko-Robo/Robocup/main2016/mbed/TARGET_LPC1768/TOOLCHAIN_GCC_CR/board.o /Users/koishin/Ko-Robo/Robocup/main2016/mbed/TARGET_LPC1768/TOOLCHAIN_GCC_CR/cmsis_nvic.o /Users/koishin/Ko-Robo/Robocup/main2016/mbed/TARGET_LPC1768/TOOLCHAIN_GCC_CR/retarget.o /Users/koishin/Ko-Robo/Robocup/main2016/mbed/TARGET_LPC1768/TOOLCHAIN_GCC_CR/startup_LPC17xx.o /Users/koishin/Ko-Robo/Robocup/main2016/mbed/TARGET_LPC1768/TOOLCHAIN_GCC_CR/system_LPC17xx.o -lmbed
Finished building target: main2016.axf
 
make --no-print-directory post-build
Performing post-build steps
arm-none-eabi-size "main2016.axf"; arm-none-eabi-objcopy -O binary "main2016.axf" "main2016.bin" ; # checksum -p LPC1768 -d "main2016.bin";
   text	   data	    bss	    dec	    hex	filename
  52152	   2224	    688	  55064	   d718	main2016.axf
 
